<?xml version="1.0" encoding="UTF-8"?>
<testsuites name="jest tests" tests="18" failures="0" errors="0" time="2.577">
  <testsuite name="Vulnerability Scanners" errors="0" failures="0" skipped="0" timestamp="2025-09-17T05:35:17" time="0.607" tests="2">
    <testcase classname="Vulnerability Scanners Scanner Module Loading should be able to import scanner modules" name="Vulnerability Scanners Scanner Module Loading should be able to import scanner modules" time="0.019">
    </testcase>
    <testcase classname="Vulnerability Scanners Scanner Module Loading should have scanner functions" name="Vulnerability Scanners Scanner Module Loading should have scanner functions" time="0.001">
    </testcase>
  </testsuite>
  <testsuite name="Crawler Functionality" errors="0" failures="0" skipped="0" timestamp="2025-09-17T05:35:17" time="1.487" tests="10">
    <testcase classname="Crawler Functionality Basic Initialization should initialize with default configuration" name="Crawler Functionality Basic Initialization should initialize with default configuration" time="0.002">
    </testcase>
    <testcase classname="Crawler Functionality Basic Initialization should initialize with custom configuration" name="Crawler Functionality Basic Initialization should initialize with custom configuration" time="0">
    </testcase>
    <testcase classname="Crawler Functionality Resource Management should implement cleanup method" name="Crawler Functionality Resource Management should implement cleanup method" time="0.001">
    </testcase>
    <testcase classname="Crawler Functionality Resource Management should handle cleanup when browser is not initialized" name="Crawler Functionality Resource Management should handle cleanup when browser is not initialized" time="0">
    </testcase>
    <testcase classname="Crawler Functionality Configuration should accept depth configuration" name="Crawler Functionality Configuration should accept depth configuration" time="0.001">
    </testcase>
    <testcase classname="Crawler Functionality Configuration should accept concurrency configuration" name="Crawler Functionality Configuration should accept concurrency configuration" time="0">
    </testcase>
    <testcase classname="Crawler Functionality Configuration should accept enableJS configuration" name="Crawler Functionality Configuration should accept enableJS configuration" time="0">
    </testcase>
    <testcase classname="Crawler Functionality Configuration should accept userAgent configuration" name="Crawler Functionality Configuration should accept userAgent configuration" time="0.001">
    </testcase>
    <testcase classname="Crawler Functionality Basic Properties should have required properties" name="Crawler Functionality Basic Properties should have required properties" time="0">
    </testcase>
    <testcase classname="Crawler Functionality Basic Properties should have correct default values" name="Crawler Functionality Basic Properties should have correct default values" time="0.001">
    </testcase>
  </testsuite>
  <testsuite name="Scanner Core Functionality" errors="0" failures="0" skipped="0" timestamp="2025-09-17T05:35:17" time="1.646" tests="6">
    <testcase classname="Scanner Core Functionality Basic Functionality should be able to import Scanner class" name="Scanner Core Functionality Basic Functionality should be able to import Scanner class" time="0.001">
    </testcase>
    <testcase classname="Scanner Core Functionality Basic Functionality should handle invalid URL in constructor" name="Scanner Core Functionality Basic Functionality should handle invalid URL in constructor" time="0.065">
    </testcase>
    <testcase classname="Scanner Core Functionality Basic Functionality should initialize with valid URL" name="Scanner Core Functionality Basic Functionality should initialize with valid URL" time="0.001">
    </testcase>
    <testcase classname="Scanner Core Functionality URL Validation should validate HTTP/HTTPS URLs" name="Scanner Core Functionality URL Validation should validate HTTP/HTTPS URLs" time="0.002">
    </testcase>
    <testcase classname="Scanner Core Functionality Resource Management should implement cleanup method" name="Scanner Core Functionality Resource Management should implement cleanup method" time="0.001">
    </testcase>
    <testcase classname="Scanner Core Functionality Resource Management should cleanup resources properly" name="Scanner Core Functionality Resource Management should cleanup resources properly" time="0">
    </testcase>
  </testsuite>
</testsuites>